---
source: provola-catch2/src/report.rs
assertion_line: 148
expression: "&report"

---
Report {
    testsuites: [
        TestSuite {
            name: "example",
            testcases: [
                TestCase {
                    classname: "example.global",
                    name: "Foo",
                    status: "run",
                    time: "0.000",
                    failures: [
                        Failure {
                            ttype: "REQUIRE",
                            message: "false",
                        },
                    ],
                    fqtc: None,
                },
                TestCase {
                    classname: "example.Bar",
                    name: "Bar1",
                    status: "run",
                    time: "0.000",
                    failures: [],
                    fqtc: None,
                },
                TestCase {
                    classname: "example.Bar",
                    name: "Bar2",
                    status: "run",
                    time: "0.000",
                    failures: [],
                    fqtc: None,
                },
            ],
        },
    ],
}
