---
source: provola-catch2/src/report.rs
assertion_line: 155
expression: "&report"

---
CoreReport {
    disabled: None,
    errors: None,
    failures: Some(
        1,
    ),
    name: None,
    tests: None,
    testsuites: [
        CoreTestSuite {
            disabled: None,
            errors: None,
            failures: Some(
                1,
            ),
            hostname: None,
            id: None,
            name: "",
            package: None,
            skipped: None,
            testcases: [
                CoreTestCase {
                    fqtc: Some(
                        FullyQualifiedTestCaseId(
                            4046575690509372253,
                        ),
                    ),
                    classname: Some(
                        "example.global",
                    ),
                    name: "Foo",
                    status: Unknown,
                    time: None,
                    failures: [
                        CoreFailure {
                            ttype: "REQUIRE",
                            message: "false",
                        },
                    ],
                },
                CoreTestCase {
                    fqtc: Some(
                        FullyQualifiedTestCaseId(
                            4298635935099818779,
                        ),
                    ),
                    classname: Some(
                        "example.Bar",
                    ),
                    name: "Bar1",
                    status: Unknown,
                    time: None,
                    failures: [],
                },
                CoreTestCase {
                    fqtc: Some(
                        FullyQualifiedTestCaseId(
                            6961627989901352185,
                        ),
                    ),
                    classname: Some(
                        "example.Bar",
                    ),
                    name: "Bar2",
                    status: Unknown,
                    time: None,
                    failures: [],
                },
            ],
            tests: 0,
            time: None,
            timestamp: None,
        },
    ],
    time: None,
    timestamp: None,
}
