---
source: provola-googletest/src/lib.rs
expression: "&list"

---
AvailableTests(
    [
        FullyQualifiedTestCase {
            test_suite: TestSuite(
                "Foo",
            ),
            test_case: TestCase(
                "Foo1",
            ),
            id: FullyQualifiedTestCaseId(
                8963711218677400845,
            ),
        },
        FullyQualifiedTestCase {
            test_suite: TestSuite(
                "Foo",
            ),
            test_case: TestCase(
                "Foo2",
            ),
            id: FullyQualifiedTestCaseId(
                8172373706971880047,
            ),
        },
        FullyQualifiedTestCase {
            test_suite: TestSuite(
                "Bar",
            ),
            test_case: TestCase(
                "Bar1",
            ),
            id: FullyQualifiedTestCaseId(
                1049647244553836656,
            ),
        },
        FullyQualifiedTestCase {
            test_suite: TestSuite(
                "Bar",
            ),
            test_case: TestCase(
                "Bar2",
            ),
            id: FullyQualifiedTestCaseId(
                2609436735268993511,
            ),
        },
    ],
)
